app/dashboard/registro/page.tsx(1009,13): error TS1005: ')' expected.
